// Jest Snapshot v1, https://goo.gl/fbAQLP

exports[`input text Area feild component should render correctly 1`] = `ShallowWrapper {}`;

exports[`input text feild should render correctly 1`] = `ShallowWrapper {}`;
