// Jest Snapshot v1, https://goo.gl/fbAQLP

exports[`input text field component should render correctly 1`] = `ShallowWrapper {}`;
