// Jest Snapshot v1, https://goo.gl/fbAQLP

exports[`select field component should render correctly 1`] = `ShallowWrapper {}`;
