// Jest Snapshot v1, https://goo.gl/fbAQLP

exports[`input text field component should render correctly 1`] = `ShallowWrapper {}`;

exports[`input text field should render correctly 1`] = `ShallowWrapper {}`;

exports[`select field component should render correctly 1`] = `ShallowWrapper {}`;
